---
http_interactions:
- request:
    method: get
    uri: https://cdo-v3-files.s3.amazonaws.com/files_test/1/1/manifest.json
    body:
      encoding: UTF-8
      string: ''
    headers:
      Content-Length:
      - '0'
  response:
    status:
      code: 404
      message: Not Found
    headers:
      Content-Type:
      - application/xml
      Transfer-Encoding:
      - chunked
      Date:
      - Wed, 11 Apr 2018 21:32:13 GMT
      Server:
      - AmazonS3
    body:
      encoding: UTF-8
      string: |-
        <?xml version="1.0" encoding="UTF-8"?>
        <Error><Code>NoSuchKey</Code><Message>The specified key does not exist.</Message><Key>files_test/1/1/manifest.json</Key><RequestId>11B29541988BF321</RequestId><HostId>BnpSuN8AOvDDiyLyL48zHYNBK1VE/Wu/QIL6BLkx+lhd9uZ7Yp4qiWFLn42UDWg81nhGwqWjnJc=</HostId></Error>
    http_version: 
  recorded_at: Wed, 11 Apr 2018 21:32:13 GMT
- request:
    method: get
    uri: https://cdo-v3-files.s3.amazonaws.com/?encoding-type=url&prefix=files_test/1/1/
    body:
      encoding: UTF-8
      string: ''
    headers:
      Content-Length:
      - '0'
  response:
    status:
      code: 200
      message: OK
    headers:
      Date:
      - Wed, 11 Apr 2018 21:32:16 GMT
      X-Amz-Bucket-Region:
      - us-east-1
      Content-Type:
      - application/xml
      Transfer-Encoding:
      - chunked
      Server:
      - AmazonS3
    body:
      encoding: UTF-8
      string: |-
        <?xml version="1.0" encoding="UTF-8"?>
        <ListBucketResult xmlns="http://s3.amazonaws.com/doc/2006-03-01/"><Name>cdo-v3-files</Name><Prefix>files_test/1/1/</Prefix><Marker></Marker><MaxKeys>1000</MaxKeys><EncodingType>url</EncodingType><IsTruncated>false</IsTruncated><Contents><Key>files_test/1/1/.metadata/thumbnail.png</Key><LastModified>2018-04-11T21:23:06.000Z</LastModified><ETag>&quot;1c70b30125f28a277d619782301c3b27&quot;</ETag><Size>23</Size><Owner><ID>cf6bd5437eaccbf2d79d5d40694e94c727ef59eb29caa52acbc32daffeb8e9e4</ID><DisplayName>site</DisplayName></Owner><StorageClass>STANDARD</StorageClass></Contents><Contents><Key>files_test/1/1/index.html</Key><LastModified>2018-02-02T01:26:01.000Z</LastModified><ETag>&quot;7c8743c596f5f74e2cd686a2c4d562c9&quot;</ETag><Size>250</Size><Owner><ID>cf6bd5437eaccbf2d79d5d40694e94c727ef59eb29caa52acbc32daffeb8e9e4</ID><DisplayName>site</DisplayName></Owner><StorageClass>STANDARD</StorageClass></Contents><Contents><Key>files_test/1/1/new-1.css</Key><LastModified>2018-02-02T01:26:20.000Z</LastModified><ETag>&quot;d770583dcb8c55c23ad88995dbc07d9d&quot;</ETag><Size>79</Size><Owner><ID>cf6bd5437eaccbf2d79d5d40694e94c727ef59eb29caa52acbc32daffeb8e9e4</ID><DisplayName>site</DisplayName></Owner><StorageClass>STANDARD</StorageClass></Contents><Contents><Key>files_test/1/1/new-2.css</Key><LastModified>2018-02-02T01:26:20.000Z</LastModified><ETag>&quot;d770583dcb8c55c23ad88995dbc07d9d&quot;</ETag><Size>79</Size><Owner><ID>cf6bd5437eaccbf2d79d5d40694e94c727ef59eb29caa52acbc32daffeb8e9e4</ID><DisplayName>site</DisplayName></Owner><StorageClass>STANDARD</StorageClass></Contents><Contents><Key>files_test/1/1/style.css</Key><LastModified>2018-02-02T01:26:01.000Z</LastModified><ETag>&quot;76b796b04e57174c64a349a4e3f649db&quot;</ETag><Size>43</Size><Owner><ID>cf6bd5437eaccbf2d79d5d40694e94c727ef59eb29caa52acbc32daffeb8e9e4</ID><DisplayName>site</DisplayName></Owner><StorageClass>STANDARD</StorageClass></Contents></ListBucketResult>
    http_version: 
  recorded_at: Wed, 11 Apr 2018 21:32:15 GMT
- request:
    method: put
    uri: https://cdo-v3-files.s3.amazonaws.com/files_test/1/1/.metadata/thumbnail.png
    body:
      encoding: ASCII-8BIT
      string: stub-thumbnail-contents
    headers:
      X-Amz-Meta-Abuse-Score:
      - '0'
      Expect:
      - 100-continue
      Content-Md5:
      - HHCzASXyiid9YZeCMBw7Jw==
      Content-Length:
      - '23'
  response:
    status:
      code: 200
      message: OK
    headers:
      Date:
      - Wed, 11 Apr 2018 21:32:17 GMT
      X-Amz-Version-Id:
      - bQoDLlUvXuM_yTzpau6GGvAJn7s6yuRS
      Etag:
      - '"1c70b30125f28a277d619782301c3b27"'
      Content-Length:
      - '0'
      Server:
      - AmazonS3
    body:
      encoding: UTF-8
      string: ''
    http_version: 
  recorded_at: Wed, 11 Apr 2018 21:32:16 GMT
- request:
    method: delete
    uri: https://cdo-v3-files.s3.amazonaws.com/files_test/1/1/.metadata/thumbnail.png
    body:
      encoding: UTF-8
      string: ''
    headers:
      Content-Length:
      - '0'
  response:
    status:
      code: 204
      message: No Content
    headers:
      Date:
      - Wed, 11 Apr 2018 21:32:19 GMT
      X-Amz-Version-Id:
      - UPn8Ba5vMLII9CdCjMvLlDt1bAFOH9ei
      X-Amz-Delete-Marker:
      - 'true'
      Server:
      - AmazonS3
    body:
      encoding: UTF-8
      string: ''
    http_version: 
  recorded_at: Wed, 11 Apr 2018 21:32:18 GMT
- request:
    method: get
    uri: https://cdo-v3-files.s3.amazonaws.com/files_test/1/1/manifest.json
    body:
      encoding: UTF-8
      string: ''
    headers:
      Content-Length:
      - '0'
  response:
    status:
      code: 404
      message: Not Found
    headers:
      Content-Type:
      - application/xml
      Transfer-Encoding:
      - chunked
      Date:
      - Wed, 11 Apr 2018 21:32:20 GMT
      Server:
      - AmazonS3
    body:
      encoding: UTF-8
      string: |-
        <?xml version="1.0" encoding="UTF-8"?>
        <Error><Code>NoSuchKey</Code><Message>The specified key does not exist.</Message><Key>files_test/1/1/manifest.json</Key><RequestId>7EBA9D451D97D37B</RequestId><HostId>5yJPIuapG8C7DhADNQOF9xbarYrXqyFJ+R5CrrIbbplqmshL2SIgb0Yb3MzNK1jrvtxjEw05Lg4=</HostId></Error>
    http_version: 
  recorded_at: Wed, 11 Apr 2018 21:32:21 GMT
recorded_with: VCR 3.0.3
